=== LOG DE IMPORTAÇÃO ===
ID: mf6sv8zly90m7chv79e
Data: 2025-09-05T12:17:11.533Z
Usuário: 8cbfb9e7-4da1-4132-9405-d66ce33ec480
Arquivo: exemplo-transacoes.csv
Total de linhas: 1
Sucessos: 1
Erros: 0
Taxa de sucesso: 100.00%

=== DETALHES ===
[2025-09-05T12:17:09.441Z] [INFO] Iniciando importação ID: mf6sv8zly90m7chv79e
[2025-09-05T12:17:09.452Z] [INFO] Arquivo recebido: exemplo-transacoes.csv (101 bytes)
[2025-09-05T12:17:09.453Z] [INFO] Processando para usuário: 8cbfb9e7-4da1-4132-9405-d66ce33ec480
[2025-09-05T12:17:09.454Z] [INFO] Delimitador detectado: ;
[2025-09-05T12:17:09.466Z] [INFO] Total de linhas no CSV: 1
[2025-09-05T12:17:09.467Z] [INFO] Validação de colunas bem-sucedida
[2025-09-05T12:17:09.467Z] [INFO] Processando linha 2: {"type":"RECEITA","amount":"1500,00","account":"Conta Corrente","transactionDate":"15/01/2024","description":"Salário","category":"Salário"}
[2025-09-05T12:17:09.906Z] [INFO] Conta "Conta Corrente" não encontrada. Criando nova conta...
[2025-09-05T12:17:10.248Z] [SUCCESS] Conta criada: Conta Corrente (ID: a7a69f4e-d6ad-4b88-b699-1cc427e4bbaf)
[2025-09-05T12:17:11.532Z] [SUCCESS] Linha 2 processada com sucesso

=== ERROS DETALHADOS ===