=== LOG DE IMPORTAÇÃO ===
ID: mf4npzchfbprbbef59f
Data: 2025-09-04T00:17:36.162Z
Usuário: 8cbfb9e7-4da1-4132-9405-d66ce33ec480
Arquivo: exemplo-transacoes.csv
Total de linhas: 1
Sucessos: 1
Erros: 0
Taxa de sucesso: 100.00%

=== DETALHES ===
[2025-09-04T00:17:33.233Z] [INFO] Iniciando importação ID: mf4npzchfbprbbef59f
[2025-09-04T00:17:33.241Z] [INFO] Arquivo recebido: exemplo-transacoes.csv (101 bytes)
[2025-09-04T00:17:33.241Z] [INFO] Processando para usuário: 8cbfb9e7-4da1-4132-9405-d66ce33ec480
[2025-09-04T00:17:33.242Z] [INFO] Delimitador detectado: ;
[2025-09-04T00:17:33.250Z] [INFO] Total de linhas no CSV: 1
[2025-09-04T00:17:33.251Z] [INFO] Validação de colunas bem-sucedida
[2025-09-04T00:17:33.251Z] [INFO] Processando linha 2: {"type":"RECEITA","amount":"1500,00","account":"Conta Corrente","transactionDate":"15/01/2024","description":"Salário","category":"Salário"}
[2025-09-04T00:17:33.704Z] [INFO] Conta "Conta Corrente" não encontrada. Criando nova conta...
[2025-09-04T00:17:34.114Z] [SUCCESS] Conta criada: Conta Corrente (ID: 643b908b-d85b-4f2a-8186-08eb8d373efc)
[2025-09-04T00:17:34.526Z] [INFO] Categoria "Salário" não encontrada. Criando nova categoria...
[2025-09-04T00:17:34.934Z] [SUCCESS] Categoria criada: Salário (ID: 77b890d0-e28c-4708-893d-0db44cb7679b)
[2025-09-04T00:17:36.162Z] [SUCCESS] Linha 2 processada com sucesso

=== ERROS DETALHADOS ===